.venv\Scripts\python.exe : .......D:\C\User
s\Micha│\Documents\GitHub\DriftDetectionWit
hExplainableAI\.venv\Lib\site-packages\skle
arn\neural_network\_multilayer_perceptron.p
y:781: ConvergenceWarning: Stochastic 
Optimizer: Maximum iterations (500) 
reached and the optimization hasn't 
converged yet.
At line:1 char:1
+ .venv\Scripts\python.exe -m unittest 
discover tests > test_output.txt ...
+ ~~~~~~~~~~~~~~~~~~~~~~~~~~~~~~~~~~~~~~~~~
~~~~~~~~~~~~~~~~~~~~~~~~~~~~
    + CategoryInfo          : 
NotSpecified:     (.......D:\C\Use... 
converged yet.:Strin    g) [], 
RemoteException
    + FullyQualifiedErrorId : 
NativeCommandE    rror
 
  warnings.warn(
.
-------------------------------------------
---------------------------
Ran 8 tests in 0.221s

OK
